// Jest Snapshot v1, https://goo.gl/fbAQLP

exports[`DiseaseDisplay should match the snapshot 1`] = `
<ScrollView
  contentContainerStyle={
    Object {
      "backgroundColor": "#3E79CA",
      "padding": 10,
    }
  }
>
  <ModalDropdown
    animated={true}
    defaultIndex={-1}
    defaultValue="Please select..."
    disabled={false}
    keyboardShouldPersistTaps="never"
    onSelect={[Function]}
    options={Array []}
    scrollEnabled={true}
    showsVerticalScrollIndicator={true}
    style={
      Object {
        "backgroundColor": "#ffffff",
        "borderRadius": 5,
        "padding": 10,
      }
    }
  />
  <Text
    accessible={true}
    allowFontScaling={true}
    ellipsizeMode="tail"
  >
     Reported Cases - YTD 
  </Text>
   
  <Text
    accessible={true}
    allowFontScaling={true}
    ellipsizeMode="tail"
  >
     Loading Chart Data 
  </Text>
  <Image
    resizeMode="contain"
    source={
      Object {
        "url": "undefined",
      }
    }
    style={
      Object {
        "bottom": 0,
        "height": 300,
        "left": 0,
        "position": "relative",
        "right": 0,
        "top": 0,
      }
    }
  />
  <Accordion
    activeSection={false}
    disabled={false}
    expandFromBottom={false}
    onChange={[Function]}
    renderContent={[Function]}
    renderHeader={[Function]}
    renderSectionTitle={[Function]}
    sections={
      Array [
        Object {
          "content": undefined,
          "title": "Description",
        },
        Object {
          "content": undefined,
          "title": "Treatment:",
        },
        Object {
          "content": undefined,
          "title": "Preventative Measures",
        },
        Object {
          "content": undefined,
          "title": "Transmission",
        },
        Object {
          "content": undefined,
          "title": "Testing Procedures",
        },
        Object {
          "content": undefined,
          "title": "Signs/ Symptoms",
        },
      ]
    }
    touchableComponent={[Function]}
    underlayColor="black"
  />
</ScrollView>
`;
