// Jest Snapshot v1, https://goo.gl/fbAQLP

exports[`HomeScreen should match the snapshot 1`] = `
<Component
  style={
    Object {
      "alignItems": "center",
      "backgroundColor": "#3E79CA",
      "flex": 1,
      "justifyContent": "space-between",
      "position": "relative",
    }
  }
>
  <Text
    accessible={true}
    allowFontScaling={true}
    ellipsizeMode="tail"
    style={
      Object {
        "color": "#ffffff",
        "fontFamily": "AmericanTypewriter",
        "fontSize": 30,
        "textDecorationLine": "underline",
      }
    }
  >
    NFECTIONARY
  </Text>
  <TouchableOpacity
    accessibilityLabel="Use your current location"
    activeOpacity={0.2}
    onPress={[Function]}
    style={
      Object {
        "alignItems": "center",
        "backgroundColor": "#ffffff",
        "borderRadius": 20,
        "padding": 10,
      }
    }
    title="Current Location"
  >
    <Text
      accessible={true}
      allowFontScaling={true}
      ellipsizeMode="tail"
      style={
        Object {
          "color": "#3E79CA",
        }
      }
    >
       Get Started 
    </Text>
  </TouchableOpacity>
  <ModalDropdown
    animated={true}
    defaultIndex={-1}
    defaultValue="Select a state"
    disabled={false}
    keyboardShouldPersistTaps="never"
    onSelect={[Function]}
    options={Array []}
    scrollEnabled={true}
    showsVerticalScrollIndicator={true}
    style={
      Object {
        "backgroundColor": "#ffffff",
        "borderRadius": 5,
        "padding": 10,
      }
    }
    textStyle={
      Object {
        "color": "#3E79CA",
      }
    }
  />
  <TouchableOpacity
    accessibilityLabel="What is it?"
    activeOpacity={0.2}
    style={
      Object {
        "alignItems": "center",
        "backgroundColor": "#ffffff",
        "borderRadius": 20,
        "padding": 10,
      }
    }
  >
    <Text
      accessible={true}
      allowFontScaling={true}
      ellipsizeMode="tail"
      style={
        Object {
          "color": "#3E79CA",
        }
      }
    >
       What is it? 
    </Text>
  </TouchableOpacity>
</Component>
`;
