// Jest Snapshot v1, https://goo.gl/fbAQLP

exports[`HomeScreen should match the snapshot 1`] = `
<Component
  style={
    Object {
      "alignItems": "center",
      "backgroundColor": "#3E79CA",
      "flex": 1,
      "justifyContent": "space-between",
      "position": "relative",
    }
  }
>
  <Component
    animationType="slide"
    hardwareAccelerated={false}
    onRequestClose={[Function]}
    transparent={false}
    visible={false}
  >
    <Component
      style={
        Object {
          "alignItems": "center",
          "flex": 1,
          "marginTop": 50,
          "padding": 20,
        }
      }
    >
      <Component>
        <TouchableHighlight
          activeOpacity={0.85}
          delayPressOut={100}
          onPress={[Function]}
          underlayColor="black"
        >
          <Text
            accessible={true}
            allowFontScaling={true}
            ellipsizeMode="tail"
            style={
              Object {
                "fontSize": 20,
                "marginBottom": 20,
                "textAlign": "center",
                "textDecorationLine": "underline",
              }
            }
          >
            Close
          </Text>
        </TouchableHighlight>
        <Text
          accessible={true}
          allowFontScaling={true}
          ellipsizeMode="tail"
          style={
            Object {
              "color": "#3E79CA",
              "fontSize": 18,
            }
          }
        >
          Find out about diseases in your state, their reported case counts as well as information about each particular disease and ways to prevent infection.
        </Text>
      </Component>
    </Component>
  </Component>
  <Component>
    <TouchableOpacity
      accessibilityLabel="Use your current location"
      activeOpacity={0.2}
      onPress={[Function]}
      style={
        Object {
          "alignItems": "center",
          "backgroundColor": "rgba(255,255,255,.3)",
          "borderColor": "#ffffff",
          "borderRadius": 25,
          "borderWidth": 1,
          "marginBottom": 40,
          "marginTop": 200,
          "paddingBottom": 10,
          "paddingLeft": 20,
          "paddingRight": 20,
          "paddingTop": 10,
          "shadowColor": "black",
          "shadowOffset": Object {
            "height": 1,
            "width": 1,
          },
          "shadowOpacity": 0.5,
        }
      }
      title="Current Location"
    >
      <Text
        accessible={true}
        allowFontScaling={true}
        ellipsizeMode="tail"
        style={
          Object {
            "color": "#ffffff",
            "fontSize": 25,
          }
        }
      >
         Get Started 
      </Text>
    </TouchableOpacity>
    <Component
      style={
        Object {
          "alignItems": "center",
          "flexDirection": "row",
        }
      }
    >
      <ModalDropdown
        animated={true}
        defaultIndex={-1}
        defaultValue="select a state"
        disabled={false}
        dropdownTextStyle={
          Object {
            "color": "#3E79CA",
            "fontSize": 16,
          }
        }
        keyboardShouldPersistTaps="never"
        onSelect={[Function]}
        options={Array []}
        scrollEnabled={true}
        showsVerticalScrollIndicator={true}
        style={
          Object {
            "backgroundColor": "#ffffff",
            "borderRadius": 3,
            "padding": 10,
            "shadowColor": "black",
            "shadowOffset": Object {
              "height": 1,
              "width": 1,
            },
            "shadowOpacity": 0.5,
            "width": 190,
          }
        }
        textStyle={
          Object {
            "color": "#3E79CA",
            "fontSize": 20,
            "textAlign": "left",
            "width": 160,
          }
        }
      />
      <Component
        style={
          Object {
            "position": "absolute",
            "right": 15,
            "top": 15,
          }
        }
      >
        <Text
          accessible={true}
          allowFontScaling={true}
          ellipsizeMode="tail"
          style={
            Object {
              "color": "#3E79CA",
            }
          }
        >
          ▼
        </Text>
      </Component>
    </Component>
  </Component>
  <TouchableOpacity
    accessibilityLabel="What is it?"
    activeOpacity={0.2}
    onPress={[Function]}
  >
    <Text
      accessible={true}
      allowFontScaling={true}
      ellipsizeMode="tail"
      style={
        Object {
          "color": "#ffffff",
          "fontSize": 20,
          "marginBottom": 20,
        }
      }
    >
       What is it?
    </Text>
  </TouchableOpacity>
</Component>
`;
